// Jest Snapshot v1, https://goo.gl/fbAQLP

exports[`LoadingPage should match snapshot 1`] = `
.c0 {
  box-sizing: 'border-box';
  min-width: 0;
  margin: 0;
  padding: 0;
}

.c1 {
  width: 1200px;
  max-width: calc(100% - 1.25rem);
  margin: 0 auto;
}

.c3 {
  -webkit-animation: fvtopB 1s cubic-bezier(0.42,0.8,0.6,0.83) infinite;
  animation: fvtopB 1s cubic-bezier(0.42,0.8,0.6,0.83) infinite;
  width: -webkit-fit-content;
  width: -moz-fit-content;
  width: fit-content;
  margin: 0 auto;
}

.c2 {
  width: -webkit-fit-content;
  width: -moz-fit-content;
  width: fit-content;
  margin: 0 auto;
}

.c4 {
  font-size: 1rem;
}

@media only screen and (min-width:768px) {
  .c1 {
    padding: 3rem 0rem;
  }
}

<div>
   
  <div
    class="c0 c1"
  >
    <div
      class="c2"
    >
      <div
        class=""
      >
        <div
          class="c3"
        >
          <svg
            fill="currentColor"
            height="80"
            stroke="currentColor"
            stroke-width="0"
            viewBox="0 0 1024 1024"
            width="80"
            xmlns="http://www.w3.org/2000/svg"
          >
            <path
              d="M988 548c-19.9 0-36-16.1-36-36 0-59.4-11.6-117-34.6-171.3a440.45 440.45 0 0 0-94.3-139.9 437.71 437.71 0 0 0-139.9-94.3C629 83.6 571.4 72 512 72c-19.9 0-36-16.1-36-36s16.1-36 36-36c69.1 0 136.2 13.5 199.3 40.3C772.3 66 827 103 874 150c47 47 83.9 101.8 109.7 162.7 26.7 63.1 40.2 130.2 40.2 199.3.1 19.9-16 36-35.9 36z"
            />
          </svg>
        </div>
      </div>
      <p
        class="c4"
      >
        loading
      </p>
    </div>
  </div>
   
</div>
`;
